checking for gcc... gcc
checking whether the C compiler works... yes
checking for C compiler default output file name... a.out
checking for suffix of executables... 
checking whether we are cross compiling... no
checking for suffix of object files... o
checking whether the compiler supports GNU C... yes
checking whether gcc accepts -g... yes
checking for gcc option to enable C11 features... none needed
checking whether gcc understands -c and -o together... yes
checking for stdio.h... yes
checking for stdlib.h... yes
checking for string.h... yes
checking for inttypes.h... yes
checking for stdint.h... yes
checking for strings.h... yes
checking for sys/stat.h... yes
checking for sys/types.h... yes
checking for unistd.h... yes
checking for wchar.h... yes
checking for minix/config.h... no
checking whether it is safe to define __EXTENSIONS__... yes
checking whether _XOPEN_SOURCE should be defined... no
checking build system type... x86_64-pc-linux-gnu
checking host system type... x86_64-pc-linux-gnu
checking how to print strings... printf
checking for a sed that does not truncate output... /usr/bin/sed
checking for grep that handles long lines and -e... /usr/bin/grep
checking for egrep... /usr/bin/grep -E
checking for fgrep... /usr/bin/grep -F
checking for ld used by gcc... /usr/bin/x86_64-linux-gnu-ld
checking if the linker (/usr/bin/x86_64-linux-gnu-ld) is GNU ld... yes
checking for BSD- or MS-compatible name lister (nm)... /usr/bin/nm -B
checking the name lister (/usr/bin/nm -B) interface... BSD nm
checking whether ln -s works... yes
checking the maximum length of command line arguments... 1572864
checking how to convert x86_64-pc-linux-gnu file names to x86_64-pc-linux-gnu format... func_convert_file_noop
checking how to convert x86_64-pc-linux-gnu file names to toolchain format... func_convert_file_noop
checking for /usr/bin/x86_64-linux-gnu-ld option to reload object files... -r
checking for file... file
checking for objdump... objdump
checking how to recognize dependent libraries... pass_all
checking for dlltool... no
checking how to associate runtime and link libraries... printf %s\n
checking for ar... ar
checking for archiver @FILE support... @
checking for strip... strip
checking for ranlib... ranlib
checking for gawk... gawk
checking command to parse /usr/bin/nm -B output from gcc object... ok
checking for sysroot... no
checking for a working dd... /usr/bin/dd
checking how to truncate binary pipes... /usr/bin/dd bs=4096 count=1
checking for mt... mt
checking if mt is a manifest tool... no
checking for dlfcn.h... yes
checking for objdir... .libs
checking if gcc supports -fno-rtti -fno-exceptions... no
checking for gcc option to produce PIC... -fPIC -DPIC
checking if gcc PIC flag -fPIC -DPIC works... yes
checking if gcc static flag -static works... yes
checking if gcc supports -c -o file.o... yes
checking if gcc supports -c -o file.o... (cached) yes
checking whether the gcc linker (/usr/bin/x86_64-linux-gnu-ld -m elf_x86_64) supports shared libraries... yes
checking dynamic linker characteristics... GNU/Linux ld.so
checking how to hardcode library paths into programs... immediate
checking whether stripping libraries is possible... yes
checking if libtool supports shared libraries... yes
checking whether to build shared libraries... no
checking whether to build static libraries... yes
checking target system type... x86_64-pc-linux-gnu
checking for a BSD-compatible install... /usr/bin/install -c
checking whether build environment is sane... yes
checking for a race-free mkdir -p... /usr/bin/mkdir -p
checking whether make sets $(MAKE)... yes
checking whether make supports the include directive... yes (GNU style)
checking whether make supports nested variables... yes
checking how to create a pax tar archive... gnutar
checking dependency style of gcc... gcc3
checking whether make supports nested variables... (cached) yes
checking for gcc... (cached) gcc
checking whether the compiler supports GNU C... (cached) yes
checking whether gcc accepts -g... (cached) yes
checking for gcc option to enable C11 features... (cached) none needed
checking whether gcc understands -c and -o together... (cached) yes
checking for g++... g++
checking whether the compiler supports GNU C++... yes
checking whether g++ accepts -g... yes
checking for g++ option to enable C++11 features... none needed
checking how to run the C++ preprocessor... g++ -E
checking for ld used by g++... /usr/bin/x86_64-linux-gnu-ld -m elf_x86_64
checking if the linker (/usr/bin/x86_64-linux-gnu-ld -m elf_x86_64) is GNU ld... yes
checking whether the g++ linker (/usr/bin/x86_64-linux-gnu-ld -m elf_x86_64) supports shared libraries... yes
checking for g++ option to produce PIC... -fPIC -DPIC
checking if g++ PIC flag -fPIC -DPIC works... yes
checking if g++ static flag -static works... yes
checking if g++ supports -c -o file.o... yes
checking if g++ supports -c -o file.o... (cached) yes
checking whether the g++ linker (/usr/bin/x86_64-linux-gnu-ld -m elf_x86_64) supports shared libraries... yes
checking dynamic linker characteristics... (cached) GNU/Linux ld.so
checking how to hardcode library paths into programs... immediate
checking dependency style of g++... gcc3
checking how to run the C preprocessor... gcc -E
checking whether ln -s works... yes
checking whether make sets $(MAKE)... (cached) yes
checking for pkg-config... /usr/bin/pkg-config
checking pkg-config is at least version 0.20... yes
checking whether g++ supports C++23 features by default... no
checking whether g++ supports C++23 features with -std=gnu++23... yes
checking for openssl >= 1.1.1... yes
checking for SSL_provide_quic_data... no
checking for SSL_set_quic_tls_cbs... yes
checking for arpa/inet.h... yes
checking for netinet/in.h... yes
checking for netinet/ip.h... yes
checking for netinet/udp.h... yes
checking for stddef.h... yes
checking for stdint.h... (cached) yes
checking for stdlib.h... (cached) yes
checking for string.h... (cached) yes
checking for unistd.h... (cached) yes
checking for sys/endian.h... no
checking for endian.h... yes
checking for byteswap.h... yes
checking for asm/types.h... yes
checking for linux/netlink.h... yes
checking for linux/rtnetlink.h... yes
checking for size_t... yes
checking for ssize_t... yes
checking for uint8_t... yes
checking for uint16_t... yes
checking for uint32_t... yes
checking for uint64_t... yes
checking for int8_t... yes
checking for int16_t... yes
checking for int32_t... yes
checking for int64_t... yes
checking for off_t... yes
checking for pid_t... yes
checking for uid_t in sys/types.h... yes
checking for ptrdiff_t... yes
checking whether byte ordering is bigendian... no
checking for inline... inline
checking for special C compiler options needed for large files... no
checking for _FILE_OFFSET_BITS value needed for large files... no
checking for memmove... yes
checking for memset... yes
checking for explicit_bzero... yes
checking for memset_s... no
checking for gcc options needed to detect all undeclared functions... none needed
checking whether be64toh is declared... yes
checking whether bswap_64 is declared... yes
checking whether C compiler accepts -fvisibility=hidden... yes
checking that generated files are newer than configure... done
configure: creating ./config.status
config.status: creating Makefile
config.status: creating lib/Makefile
config.status: creating lib/libngtcp2.pc
config.status: creating lib/includes/Makefile
config.status: creating lib/includes/ngtcp2/version.h
config.status: creating tests/Makefile
config.status: creating crypto/Makefile
config.status: creating crypto/quictls/Makefile
config.status: creating crypto/quictls/libngtcp2_crypto_libressl.pc
config.status: creating crypto/quictls/libngtcp2_crypto_quictls.pc
config.status: creating crypto/includes/Makefile
config.status: creating crypto/gnutls/Makefile
config.status: creating crypto/gnutls/libngtcp2_crypto_gnutls.pc
config.status: creating crypto/boringssl/Makefile
config.status: creating crypto/boringssl/libngtcp2_crypto_boringssl.pc
config.status: creating crypto/picotls/Makefile
config.status: creating crypto/picotls/libngtcp2_crypto_picotls.pc
config.status: creating crypto/wolfssl/Makefile
config.status: creating crypto/wolfssl/libngtcp2_crypto_wolfssl.pc
config.status: creating crypto/ossl/Makefile
config.status: creating crypto/ossl/libngtcp2_crypto_ossl.pc
config.status: creating doc/Makefile
config.status: creating doc/source/conf.py
config.status: creating third-party/Makefile
config.status: creating examples/Makefile
config.status: creating examples/tests/config.ini
config.status: creating config.h
config.status: executing libtool commands
config.status: executing depfiles commands
configure: summary of build options:

    Package version: 1.25.0
    Library version: 27:0:11
    Install prefix:  /home/milosvasic/.local/share/llmctl/tools/curl-h3/prefix
    System types:
      Build:         x86_64-pc-linux-gnu
      Host:          x86_64-pc-linux-gnu
      Target:        x86_64-pc-linux-gnu
    Compiler:
      C preprocessor: gcc -E
      CPPFLAGS:       
      C compiler:     gcc
      CFLAGS:         -g -O2
      C++ compiler:   g++ -std=gnu++23
      CXXFLAGS:       -g -O2
      LDFLAGS:        
      WARNCFLAGS:     
      WARNCXXFLAGS:   
      EXTRACFLAG:     -fvisibility=hidden
      LIBS:           
    Library:
      Shared:         no
      Static:         yes
    Libtool:
      LIBTOOL_LDFLAGS: 
    Crypto helper libraries:
      libngtcp2_crypto_quictls:   no
      libngtcp2_crypto_libressl:  no
      libngtcp2_crypto_gnutls:    no
      libngtcp2_crypto_boringssl: no
      libngtcp2_crypto_picotls:   no
      libngtcp2_crypto_wolfssl:   no
      libngtcp2_crypto_ossl:      yes
    Cryptotest:       yes
    Debug:
      Debug:          no (CFLAGS='')
    Libs:
      OpenSSL:        yes (CFLAGS='' LIBS='-lssl -lcrypto')
      Libev:          no (CFLAGS='' LIBS='')
      Libnghttp3:     no (CFLAGS='' LIBS='')
      Jemalloc:       no (CFLAGS='' LIBS='')
      GnuTLS:         no (CFLAGS='' LIBS='')
      BoringSSL:      no (CFLAGS='' LIBS='')
      Picotls:        no (CFLAGS='' LIBS='')
      wolfSSL:        no (CFLAGS='' LIBS='')
      Libbrotlienc:   no (CFLAGS='' LIBS='')
      Libbrotlidec:   no (CFLAGS='' LIBS='')
    Examples:         no

